[    00000] nu verio 4.15.0-66geneicbuilddlg1-amd64-044) (gcc version 7.4.0 (Ubuntu 7.4.0-1ubuntu1~18.04.1)) #75-Ubuntu SMP Tue Oct 1 05:24:09 UTC 2019 (Ubuntu 4.15.0-66.75-generic 4.15.18)
[    0.000000] Command line: BOOT_IMAGE=/boot/vmlinuz-4.15.0-66-generic root=UUID=97d40779-9bee-4a51-9ad1-c56895f577ca ro console=tty1 console=ttyS0
[    0.000000] KERNEL supported cpus:
[    0.000000]   Intel GenuineIntel
[    0.000000]   AMD AuthenticAMD
[    0.000000]   Centaur CentaurHauls
[    0.000000] x86/fpu: Supporting XSAVE feature 0x001: 'x87 floating point registers'
[    0.0000000] 86pu: Supoing XSAVE ature x0: 'SSE regstrs'
[    0.000000] x86/fpu: Supporting XSAVE feature 0x004: 'AVX registers'
[    0.000000] x86/fpu: xstate_offset[2]:  576, xstate_sizes[2]:  256
[    0.000000] x86/fpu: Enabled xstate features 0x7, context size is 832 bytes, using 'standard' format.
[    0.000000] e20: BIOS-provided physical RAM map:
[    0.000000] BIOS-e820: [mem 0x0000000000000000-0x000000000009fbff] usable
[    0.000000] BIOS-e820: [mem 0x000000000009fc00-0x000000000009ffff] reserved
[    0.000000] BIOS-e820: [mem 0x00000000000f0000-0x00000000000fffff] reserved
[    0.000000] BIOS-e820: [mem 0x0000000000100000-0x000000003ffeffff] usable
[    0.000000] BIOS-e820: [mem 0x000000003fff0000-0x000000003fffffff] CPI daa[   .00000] BIS-20: [mm 000000ec0000-000000000fec00fff] reserved
[    0.000000] BIOS-e820: [mem 0x00000000fee00000-0x00000000fee00fff] reserved
[    0.000000] BIOS-e820: [mem 0x00000000fffc0000-0x00000000ffffffff] reserved
[    0.000000] NX (Execute Disable) protection: active
[    0.000000] SMBIOS 2.5 present.
[    0.000000] DMI: innotek GmbH VirtualBox/VirtualBox, BIOS VirtualBox 12/01/2006
[    0.000000] Hypervisor detected: KVM
[    0.000000] e820: last_pfn = 0x3fff0 max_arch_pfn = 0x400000000
[    0.000000] MTRR: Disabled
[    0.000000] x86/PAT: MTRRs disabled, skipping PAT initialization too.
[    0.000000] CPU MTRRs all blank - virtualized system.
[    0.000000] x86/PAT: Configuration [0-7]: WB  WT  UC- UC  WB  WT  UC- UC  
[    0.000000] found SMP MP-table at [mem 0x0009fff0-0x0009ffff]
[    0.000000] Scanning 1 areas for low memory corruption
[    0.000000] RAMDISK: [mem 0x3597f000-0x36cb6fff]
[    0.000000] ACPI: Early table checksum verification disabled
[   000000 AI: RSD 00000000E0000 00024 (v2 BOX  )
[  0.000] AI:XSDTx00000003FF030 00003Cv0 VBO  BOXXT 0000001 ASL  00000061)
[    0.000000] ACPI: FACP 0x000000003FFF00F0 0000F4 (v04 VBOX   VBOXFACP 00000001 ASL  00000061)
[    0.000000] ACPI: DSDT 0x000000003FFF0470 0021FF (v02 VBOX   VBOXBIOS 00000002 INTL 20100528)
[    0.000000] ACPI: FACS 0x000000003FFF0200 000040
[    0.000000] ACI:FAS 0x00003FFF02 00040
[    .0000]AC: APC 0x0000003FF040 00005 (02 VBOX   VBAPIC 00001 AS  00001)
[   000000]AC: SST 00000003F02A0 01C (v01 OX  VBXCPUT 00000002 INTL 20100528)
[    .000000] No NUM configuration found
[    0.000000] Faking a node at [mem 0x0000000000000000-0x0000000003ffeffff]
[    0.000000] NODE_DATA(0) allocated [mem 0x3ffc5000-0x3ffeffff]
[  000000 km-clock:cp 0 msr 03f44001 pmary cu clock
[   .00000kvm-cloc: sing msr 4564d1 d 4b56d0
[    0.000] kvmclk: usig hed offset o 3784364 cycle
[  0.0000 clocsoce: kvm-clock: mask: 0xffffffffffffffff max_cycles: 0x1cd42e4dffb, max_idle_ns: 881590591483 ns
[    0.000000] Zone ranges:
[    0.000000]   DMA      [mem 0x0000000000001000-0x0000000000ffffff]
[    0.000000]   DMA32    [mem 0x0000000001000000-0x000000003ffeffff]
[    0.000000]   Normal   empty
[    0.000000]   Device   empty
[    0.000000] Movable zone start for each node
[    0.00000] Early memory node ranges
[    0.000000]   node   0: [mem 0x0000000000001000-0x000000000009efff]
[    0.000000]   node   0: [me 0x0000000000100000-0x000000003ffeffff]
[    0.000000] Reserved but unavailale: 8 ges
[   .00000Intmemetp no 0[mem0x000000000000100-00000003fffff]
[    0.0000]CP: PMimr IOPo: 0x008
[   000000] IOAPC[]: api_i2, vrsn 32, adres 0xec0000 GSI 0-23
[    0.000000] ACPI: INT_SRC_OVR (bus 0 bus_irq 0 global_irq 2 dfl dfl)
[    0.000000] ACPI: INT_SRC_OVR (bus 0 bus_irq 9 global_irq 9 low level)
[    0.000000] Using ACPI (MADT) for SMP configuration information
[    0.000000] smpboot: Allowing 2 CPUs, 0 hotplug CPUs
[    0.000000] PM: Registered nosave memory: [mem 0x00000000-0x00000fff]
[    0.000000] PM: Registered nosave memory: [mem 0x0009f000-0x0009ffff]
[    0.000000] PM: Registered nosave memory: [mem 0x000a0000-0x000effff]
[    0.000000] PM: Registered nosave memory: [mem 0x000f0000-0x000fffff]
[    0.000000] e820: [mem 0x40000000-0xfebfffff] available for PC deves
  0.0000] ootig raviualied kereln KV
[   0.000] clocksure: refinediffis:ask:0xfffff x_cyle 0xfffff, max_idl_n: 765560021168s
[    0.00000] ndom: g_random_bytes called from start_kernel+0x99/0x4fd with crn_init=0
[    0.000000] setup_percpu: NR_CPUS:8192 nr_cpumask_bits:2 nr_cpu_ids:2 nr_node_ids:1
[    0.000000] percpu: Embedded 46 pages/cpu s151552 r8192 d28672 u1048576
[    0.000000]PVqspilo hash taleentries:25 (orde:  4096 bytes)
[   .0000]Buil 1onelists, biliy oupingon Totl ges: 25791
[   00000] oly zone:MA2
[    0.00000] rnel comanline: OTIMAGE=/boot/vmlinuz-4.15.0-66-generic root=UUID=97d40779-9bee-4a51-9ad1-c56895f577ca ro console=tty1 console=ttyS0
[    0.000000] Memory: 982900K/104812K available (12300K kernel code, 2481K rwdata, 4260K rodata, 2436K init, 2388K bss, 65220K reserved, 0K cma-reserved)
[    0.000000] SLUB: HWalig=64, rder=0-, inObjets, CPUs=2, Nodes1
[    0.00000 Kerelser pagetales isaton: enle
[  0000000] tre: allocing 30 entries in 154 pages
[    0.04000] ierchil CU ileentaon
[    0.00400] 	RCU restricting CPUs from NR_CPUS=8192 to nr_cpu_ids=2.
[    0.004000] 	Tasks RCU enabled.
[    0.004000] RCU: Adjusting geometry for rcu_fanout_leaf=16, nr_cpu_ids=2
[    0.004000] NR_IRQS: 524544, nr_irqs: 440, preallocated irqs: 16
[    0.004000] Console: colour VGA+ 80x25
[    0.004000] console [tty1] enabled
[    0.004000] console [ttyS0] enabled
[    0.004000] ACPI: Core revision 20170831
[    0.004000] ACPI: 2 ACPI AML tables successfully acquired and loaded
[    0.004000] APIC: Switch to symmetric I/O mode setup
[    0.004000] x2apic enabled
[    0.004000] Switched APIC routing to physical x2apic.
[    0.004000] ..TIMER: vector=0x30 apic1=0 pin1=2 apic2=-1 pin2=-1
[    0.004004] tsc: Detected 1391.999 MHz processor
[    0.005051] Calibrating delay loop (skipped) preset value.. 2783.99 BogoMIPS (lpj=5567996)
[    0.008009] pid_max: default: 32768 minimum: 301
[    0.012042] Security Framework initialized
[    0.016004] Yama: becoming mindful.
[    0.020027] AppArmor: AppArmor initialized
[    0.024148] Dentry cache hash table entries: 131072 (order: 8, 1048576 bytes)
[    0.028082] Inode-cache hash table entries: 65536 (order: 7, 524288 bytes)
[    0.032023] Mount-cache hash table entries: 2048 (order: 2, 16384 bytes)
[    0.036013] Mountpoint-cache hash table entries: 2048 (order: 2, 16384 bytes)
[    0.040338] Last level iTLB entries: 4KB 64, 2MB 8, 4MB 8
[    0.041501] Last level dTLB entries: 4KB 64, 2MB 0, 4MB 0, 1GB 4
[    0.042728] Spectre V1 : Mitigation: usercopy/swapgs barriers and __user pointer sanitization
[    0.044003] Spectre V2 : Mitigation: Full generic retpoline
[    0.048003] Spectre V2 : Spectre v2 / SpectreRSB mitigation: Filling RSB on context switch
[    0.052003] Speculative Store Bypass: Vulnerable
[    0.053119] MDS: Vulnerable: Clear CPU buffers attempted, no microcode
[    0.056150] Freeing SMP alternatives memory: 36K
[    0.170648] smpboot: CPU0: Intel(R) Core(TM) i5-8257U CPU @ 1.40GHz (family: 0x6, model: 0x8e, stepping: 0xa)
[    0.172095] Performance Events: unsupported p6 CPU model 142 no PMU driver, software events only.
[    0.176241] Hierarchical SRCU implementation.
[    0.180549] NMI watchdog: Perf event create on CPU 0 failed with -2
[    0.184004] NMI watchdog: Perf NMI watchdog permanently disabled
[    0.188069] smp: Bringing up secondary CPUs ...
[    0.192117] x86: Booting SMP configuration:
[    0.196008] .... node  #0, CPUs:      #1
[    0.004000] kvm-clock: cpu 1, msr 0:3ff44041, secondary cpu clock
[    0.218639] smp: Brought up 1 node, 2 CPUs
[    0.220005] smpboot: Max logical packages: 1
[    0.221025] smpboot: Total of 2 processors activated (5567.99 BogoMIPS)
[    0.224149] devtmpfs: initialized
[    0.224907] x86/mm: Memory block size: 128MB
[    0.228129] evm: security.selinux
[    0.231273] evm: security.SMACK64
[    0.232003] evm: security.SMACK64EXEC
[    0.232861] evm: security.SMACK64TRANSMUTE
[    0.235688] evm: security.SMACK64MMAP
[    0.236002] evm: security.apparmor
[    0.236648] evm: security.ima
[    0.237197] evm: security.capability
[    0.237875] clocksource: jiffies: mask: 0xffffffff max_cycles: 0xffffffff, max_idle_ns: 7645041785100000 ns
[    0.240010] futex hash table entries: 512 (order: 3, 32768 bytes)
[    0.242580] pinctrl core: initialized pinctrl subsystem
[    0.243613] RTC time:  2:26:59, date: 10/31/19
[    0.244131] NET: Registered protocol family 16
[    0.244971] audit: initializing netlink subsys (disabled)
[    0.245919] audit: type=2000 audit(1572488814.467:1): state=initialized audit_enabled=0 res=1
[    0.248012] cpuidle: using governor ladder
[    0.251147] cpuidle: using governor menu
[    0.252044] ACPI: bus type PCI registered
[    0.252752] acpiphp: ACPI Hot Plug PCI Controller Driver version: 0.5
[    0.253935] PCI: Using configuration type 1 for base access
[    0.256396] HugeTLB registered 2.00 MiB page size, pre-allocated 0 pages
[    0.257365] ACPI: Added _OSI(Module Device)
[    0.257365] ACPI: Added _OSI(Processor Device)
[    0.257610] ACPI: Added _OSI(3.0 _SCP Extensions)
[    0.260006] ACPI: Added _OSI(Processor Aggregator Device)
[    0.264004] ACPI: Added _OSI(Linux-Dell-Video)
[    0.268003] ACPI: Added _OSI(Linux-Lenovo-NV-HDMI-Audio)
[    0.272004] ACPI: Added _OSI(Linux-HPI-Hybrid-Graphics)
[    0.276337] ACPI: Executed 1 blocks of module-level executable AML code
[    0.286567] ACPI: Interpreter enabled
[    0.288017] ACPI: (supports S0 S5)
[    0.292003] ACPI: Using IOAPIC for interrupt routing
[    0.296191] PCI: Using host bridge windows from ACPI; if necessary, use "pci=nocrs" and report a bug
[    0.300221] ACPI: Enabled 2 GPEs in block 00 to 07
[    0.313380] ACPI: PCI Root Bridge [PCI0] (domain 0000 [bus 00-ff])
[    0.316038] acpi PNP0A03:00: _OSC: OS supports [ASPM ClockPM Segments MSI]
[    0.320055] acpi PNP0A03:00: _OSC: not requesting OS control; OS requires [ExtendedConfig ASPM ClockPM MSI]
[    0.322109] acpi PNP0A03:00: fail to add MMCONFIG information, can't access extended PCI configuration space under this bridge.
[    0.324435] PCI host bridge to bus 0000:00
[    0.325347] pci_bus 0000:00: root bus resource [io  0x0000-0x0cf7 window]
[    0.326822] pci_bus 0000:00: root bus resource [io  0x0d00-0xffff window]
[    0.328004] pci_bus 0000:00: root bus resource [mem 0x000a0000-0x000bffff window]
[    0.332011] pci_bus 0000:00: root bus resource [mem 0x40000000-0xfdffffff window]
[    0.336009] pci_bus 0000:00: root bus resource [bus 00-ff]
[    0.341646] pci 0000:00:01.1: legacy IDE quirk: reg 0x10: [io  0x01f0-0x01f7]
[    0.344005] pci 0000:00:01.1: legacy IDE quirk: reg 0x14: [io  0x03f6]
[    0.345335] pci 0000:00:01.1: legacy IDE quirk: reg 0x18: [io  0x0170-0x0177]
[    0.348004] pci 0000:00:01.1: legacy IDE quirk: reg 0x1c: [io  0x0376]
[    0.365215] pci 0000:00:07.0: quirk: [io  0x4000-0x403f] claimed by PIIX4 ACPI
[    0.368028] pci 0000:00:07.0: quirk: [io  0x4100-0x410f] claimed by PIIX4 SMB
[    0.385060] ACPI: PCI Interrupt Link [LNKA] (IRQs 5 9 10 *11)
[    0.388318] ACPI: PCI Interrupt Link [LNKB] (IRQs 5 9 *10 11)
[    0.392126] ACPI: PCI Interrupt Link [LNKC] (IRQs 5 *9 10 11)
[    0.393499] ACPI: PCI Interrupt Link [LNKD] (IRQs 5 9 10 *11)
[    0.396391] SCSI subsystem initialized
[    0.397374] pci 0000:00:02.0: vgaarb: setting as boot VGA device
[    0.398471] pci 0000:00:02.0: vgaarb: VGA device added: decodes=io+mem,owns=io+mem,locks=none
[    0.400011] pci 0000:00:02.0: vgaarb: bridge control possible
[    0.404007] vgaarb: loaded
[    0.404673] ACPI: bus type USB registered
[    0.405696] usbcore: registered new interface driver usbfs
[    0.406952] usbcore: registered new interface driver hub
[    0.408019] usbcore: registered new device driver usb
[    0.409217] EDAC MC: Ver: 3.0.0
[    0.409217] PCI: Using ACPI for IRQ routing
[    0.412187] NetLabel: Initializing
[    0.412939] NetLabel:  domain hash size = 128
[    0.413942] NetLabel:  protocols = UNLABELED CIPSOv4 CALIPSO
[    0.415120] NetLabel:  unlabeled traffic allowed by default
[    0.416074] clocksource: Switched to clocksource kvm-clock
[   0.29223] VFS: Disk quotas dquot_6.6.0
[    0.483465] VFS: Dquot-cache hash tale entries:51 (orr 0, 09bys)[  0.740465] AArr:ppmoFisyem Enabled
[    1.134250] pnp: PnP API init
[    1.158487] pnp: PnP ACPI: found 3 devices

[    1.170035] clocksource: acpi_pm: mask: 0xffffff max_cycles: 0xffffff, max_idle_ns: 2085701024 ns
[    1.171612] NET: Registered protocol family 2
[    1.172561] TCP established hash table entries: 8192 (order: 4, 65536 bytes)[  12373TCbi hh bl eri: 92orr:5, 312 te)  1.451]CPHash tables configured (established 8192 bind 8192)

[    2.216711] UDP hash table entries: 512 (order: 2, 16384 bytes)
[    2.217997] UDP-Lite hash table entries: 512 (order: 2, 16384 bytes)
[    2.221336] NET: Registered protocol family 1
[    2.222387] pci 0000:00:00.0: Limiting direct PCI/PCI transfers
[    2.223626] pci 0000:00:01.0: Activating ISA DMA hang workarounds
[    2.225073] pci 0000:00:02.0: Video device with shadowed ROM at [mem 0x000c0000-0x000ffff]
[    2.248547] Unpacking initramfs...

[    2.511341] Freeing initrd memory: 19680K
[    2.604494] clocksource: tsc: mask: 0xffffffffffffffff max_cycles: 0x14109a24aaa, max_idle_ns: 440795250993 ns
[    2.837457] platform rtc_cmos: registered platform RTC device (no PNP device found)
[    3.014164] Scanning for low memory corruption every 60 seconds
[    3.124931] Initialise system trusted keyrings
[    3.213507] Key type blacklist registered
[    3.272725] workingset: timestamp_bits=36 max_order=18 bucket_order=0
[    3.305240] zbud: loaded
[    3.306486] squashfs: version 4.0 (2009/01/31) Phillip Lougher
[    3.307980] fuse init (API version 7.26)
[    3.312324] Key type asymmetric registered
[    3.313346] Asymmetric key parser 'x509' registered
[    3.314480] Block layer SCSI generic (bsg) driver version 0.4 loaded (major 246)
[    3.316726] io scheduler noop registered
[    3.317864] io scheduler deadline registered
[    3.318873] io scheduler cfq registered (default)
[    3.321855] ACPI: AC Adapter [AC] (on-line)
[    3.322958] input: Power Button as /devices/LNXSYSTM:00/LNXPWRBN:00/input/input0
[    3.324628] ACPI: Power Button [PWRF]
[    3.325590] input: Sleep Button as /devices/LNXSYSTM:00/LNXSLPBN:00/input/input1
[    3.327203] ACPI: Sleep Button [SLPF]
[    3.330426] ACPI: Battery Slot [BAT0] (battery present)
[    3.331733] Serial: 8250/16550 driver, 32 ports, IRQ sharing enabled
[    3.357561] 00:02: ttyS0 at I/O 0x3f8 (irq = 4, base_baud = 115200) is a 16550A
[    3.487680] Linux agpgart interface v0.103
[    3.491305] loop: module loaded
[    3.492519] scsi host0: ata_piix
[    3.493256] scsi host1: ata_piix
[    3.493890] ata1: PATA max UDMA/33 cmd 0x1f0 ctl 0x3f6 bmdma 0xd000 irq 14
[    3.497035] ata2: PATA max UDMA/33 cmd 0x170 ctl 0x376 bmdma 0xd008 irq 15
[    3.498803] libphy: Fixed MDIO Bus: probed
[    3.499529] tun: Universal TUN/TAP device driver, 1.6
[    3.500607] PPP generic driver version 2.4.2
[    3.503787] ehci_hcd: USB 2.0 'Enhanced' Host Controller (EHCI) Driver
[    3.604689] ehci-pci: EHCI PCI platform driver
[    3.680652] ehci-platform: EHCI generic platform driver
[    3.722214] ohci_hcd: USB 1.1 'Open' Host Controller (OHCI) Driver
[    3.729781] ohci-pci: OHCI PCI platform driver
[    3.737599] ohci-platform: OHCI generic platform driver
[    3.738565] uhci_hcd: USB Universal Host Controller Interface driver
[    3.774563] i8042: PNP: PS/2 Controller [PNP0303:PS2K,PNP0f03:PS2M] at 0x60,0x64 irq 1,12
[    3.933216] serio: i8042 KBD port at 0x60,0x64 irq 1
[    4.019143] serio: i8042 AUX port at 0x60,0x64 irq 12
[    4.101779] mousedev: PS/2 mouse device common for all mice
[    4.196570] rtc_cmos rtc_cmos: rtc core: registered rtc_cmos as rtc0
[    4.300738] rtc_cmos rtc_cmos: alarms up to one day, 114 bytes nvram
[    4.377670] i2c /dev entries driver
[    4.378588] input: AT Translated Set 2 keyboard as /devices/platform/i8042/serio0/input/input2
[    4.380160] device-mapper: uevent: version 1.0.3
[    4.381618] device-mapper: ioctl: 4.37.0-ioctl (2017-09-20) initialised: dm-devel@redhat.com
[    4.383503] ledtrig-cpu: registered to indicate activity on CPUs
[    4.385382] NET: Registered protocol family 10
[    4.394021] Segment Routing with IPv6
[    4.394993] NET: Registered protocol family 17
[    4.396111] Key type dns_resolver registered
[    4.397250] mce: Using 0 MCE banks
[    4.401049] RAS: Correctable Errors collector initialized.
[    4.402295] sched_clock: Marking stable (4401027088, 0)->(15769001006, -11367973918)
[    4.404654] registered taskstats version 1
[    4.405614] Loading compiled-in X.509 certificates
[    4.413473] Loaded X.509 cert 'Build time autogenerated kernel key: 01a66adcc10ca4ce7676a3458c33483b0e2b806e'
[    4.415539] zswap: loaded using pool lzo/zbud
[    4.419122] Key type big_key registered
[    4.419818] Key type trusted registered
[    4.421767] Key type encrypted registered
[    4.422486] AppArmor: AppArmor sha1 policy hashing enabled
[    4.423430] ima: No TPM chip found, activating TPM-bypass! (rc=-19)
[    4.424603] ima: Allocated hash algorithm: sha1
[    4.428135] evm: HMAC attrs: 0x1
[    4.429031]   Magic number: 7:937:410
[    4.429704] misc ecryptfs: hash matches
[    4.430455] rtc_cmos rtc_cmos: setting system clock to 2019-10-31 02:27:04 UTC (1572488824)
[    4.431976] BIOS EDD facility v0.16 2004-Jun-25, 0 devices found
[    4.433072] EDD information not available.
[    4.435992] Freeing unused kernel image memory: 2436K
[    4.592410] Write protecting the kernel read-only data: 20480k
[    4.763571] Freeing unused kernel image memory: 2008K
[    4.943286] Freeing unused kernel image memory: 1884K
[    5.108921] x86/mm: Checked W+X mappings: passed, no W+X pages found.
[    5.287591] x86/mm: Checking user space page tables
[    5.392137] x86/mm: Checked W+X mappings: passed, no W+X pages found.
Loading, please wait...
starting version 237
[    5.523031] e1000: Intel(R) PRO/1000 Network Driver - version 7.3.21-k8-NAPI
[    5.677520] e1000: Copyright (c) 1999-2006 Intel Corporation.
[    5.752791] Fusion MPT base driver 3.04.20
[    5.882148] Copyright (c) 1999-2008 LSI Corporation
[    5.991372] AVX2 version of gcm_enc/dec engaged.
[    6.086724] AES CTR mode by8 optimization enabled
[    6.206552] Fusion MPT SPI Host driver 3.04.20
[    6.445354] e1000 0000:00:03.0 eth0: (PCI:33MHz:32-bit) 02:ab:ce:93:e0:e3
[    7.324828] e1000 0000:00:03.0 eth0: Intel(R) PRO/1000 Network Connection
[    8.206848] mptbase: ioc0: Initiating bringup
[    8.816466] psmouse serio1: Failed to deactivate mouse on isa0060/serio1
[    8.916622] ioc0: LSI53C1030 A0: Capabilities={Initiator}
[    9.369095] psmouse serio1: Failed to enable mouse on isa0060/serio1
[    9.667006] input: ImExPS/2 Generic Explorer Mouse as /devices/platform/i8042/serio1/input/input4
[    9.682604] scsi host2: ioc0: LSI53C1030 A0, FwRev=00000000h, Ports=1, MaxQ=256, IRQ=20
[   10.015997] scsi 2:0:0:0: Direct-Access     VBOX     HARDDISK         1.0  PQ: 0 ANSI: 5
[   10.288109] scsi target2:0:0: Beginning Domain Validation
[   10.366215] scsi target2:0:0: Domain Validation skipping write tests
[   10.509458] scsi target2:0:0: Ending Domain Validation
[   10.613144] e1000 0000:00:08.0 eth1: (PCI:33MHz:32-bit) 08:00:27:4d:d2:7c
[   10.636126] scsi target2:0:0: asynchronous
[   10.782689] e1000 0000:00:08.0 eth1: Intel(R) PRO/1000 Network Connection
[   10.855293] scsi 2:0:1:0: Direct-Access     VBOX     HARDDISK         1.0  PQ: 0 ANSI: 5
[   10.866699] e1000 0000:00:03.0 enp0s3: renamed from eth0
[   10.883947] e1000 0000:00:08.0 enp0s8: renamed from eth1
[   10.900090] scsi target2:0:1: Beginning Domain Validation
[   10.990426] scsi target2:0:1: Domain Validation skipping write tests
[   11.073002] scsi target2:0:1: Ending Domain Validation
[   11.165506] scsi target2:0:1: asynchronous
[   11.266952] sd 2:0:0:0: Attached scsi generic sg0 type 0
[   11.390257] sd 2:0:1:0: Attached scsi generic sg1 type 0
[   11.390269] sd 2:0:0:0: [sda] 20971520 512-byte logical blocks: (10.7 GB/10.0 GiB)
[   11.837755] sd 2:0:0:0: [sda] Write Protect is off
[   11.845741] random: fast init done
[   11.852224] sd 2:0:1:0: [sdb] 20480 512-byte logical blocks: (10.5 MB/10.0 MiB)
[   11.860736] sd 2:0:0:0: [sda] Incomplete mode parameter data
[   11.944257] sd 2:0:0:0: [sda] Assuming drive cache: write through
[   11.945635] sd 2:0:1:0: [sdb] Write Protect is off
[   11.945862] random: systemd-udevd: uninitialized urandom read (16 bytes read)
[   11.949265] random: systemd-udevd: uninitialized urandom read (16 bytes read)
[   11.950829] random: systemd-udevd: uninitialized urandom read (16 bytes read)
[   11.952494] sd 2:0:1:0: [sdb] Incomplete mode parameter data
[   11.953977]  sda: sda1
[   11.954024] sd 2:0:1:0: [sdb] Assuming drive cache: write through
[   11.957430] sd 2:0:0:0: [sda] Attached SCSI disk
[   11.960127] sd 2:0:1:0: [sdb] Attached SCSI disk
Begin: Loading essential drivers ... [   13.344312] raid6: sse2x1   gen() 13246 MB/s
[   13.528355] raid6: sse2x1   xor()  9523 MB/s
[   13.722925] raid6: sse2x2   gen() 17265 MB/s
[   13.944407] raid6: sse2x2   xor() 11763 MB/s
[   14.144419] raid6: sse2x4   gen() 20732 MB/s
[   14.192415] raid6: sse2x4   xor() 11568 MB/s
[   14.425021] raid6: avx2x1   gen() 24888 MB/s
[   14.608382] raid6: avx2x1   xor() 18241 MB/s
[   14.826785] raid6: avx2x2   gen() 31720 MB/s
[   15.000703] raid6: avx2x2   xor() 19501 MB/s
[   15.152414] raid6: avx2x4   gen() 37232 MB/s
[   15.249042] raid6: avx2x4   xor() 21199 MB/s
[   15.353599] raid6: using algorithm avx2x4 gen() 37232 MB/s
[   15.549511] raid6: .... xor() 21199 MB/s, rmw enabled
[   15.555121] raid6: using avx2x2 recovery algorithm
[   15.564799] xor: automatically using best checksumming function   avx       
[   15.567654] async_tx: api initialized (async)
done.
Begin: Running /scripts/init-premount ... done.
Begin: Mounting root file system ... Begin: Running /scripts/local-top ... done.
Begin: Running /scripts/local-premount ... [   15.614195] Btrfs loaded, crc32c=crc32c-intel
Scanning for Btrfs filesystems
done.
Warning: fsck not present, so skipping root file system
[   15.679956] EXT4-fs (sda1): mounted filesystem with ordered data mode. Opts: (null)
done.
Begin: Running /scripts/local-bottom ... done.
Begin: Running /scripts/init-bottom ... done.
[   15.892956] ip_tables: (C) 2000-2006 Netfilter Core Team
[   15.900218] systemd[1]: systemd 237 running in system mode. (+PAM +AUDIT +SELINUX +IMA +APPARMOR +SMACK +SYSVINIT +UTMP +LIBCRYPTSETUP +GCRYPT +GNUTLS +ACL +XZ +LZ4 +SECCOMP +BLKID +ELFUTILS +KMOD -IDN2 +IDN -PCRE2 default-hierarchy=hybrid)
[   15.903761] systemd[1]: Detected virtualization oracle.
[   15.904703] systemd[1]: Detected architecture x86-64.

Welcome to [1mUbuntu 18.04.3 LTS[0m!

[   15.946458] systemd[1]: Set hostname to <ubuntu-bionic>.
[   16.346895] systemd[1]: Started Forward Password Requests to Wall Directory Watch.
[[0;32m  OK  [0m] Started Forward Password Requests to Wall Directory Watch.
[   16.349800] systemd[1]: Reached target User and Group Name Lookups.
[[0;32m  OK  [0m] Reached target User and Group Name Lookups.
[   16.354057] systemd[1]: Created slice User and Session Slice.
[[0;32m  OK  [0m] Created slice User and Session Slice.
[   16.356642] systemd[1]: Reached target Swap.
[[0;32m  OK  [0m] Reached target Swap.
[   16.533669] systemd[1]: Created slice System Slice.
[[0;32m  OK  [0m] Created slice System Slice.
[   16.720669] systemd[1]: Listening on Journal Socket (/dev/log).
[[0;32m  OK  [0m] Listening on Journal Socket (/dev/log).
[[0;32m  OK  [0m] Listening on Device-mapper event daemon FIFOs.
[[0;32m  OK  [0m] Listening on Network Service Netlink Socket.
[[0;32m  OK  [0m] Reached target System Time Synchronized.
[[0;32m  OK  [0m] Listening on Journal Audit Socket.
[[0;32m  OK  [0m] Listening on Syslog Socket.
[[0;32m  OK  [0m] Listening on LVM2 metadata daemon socket.
[[0;32m  OK  [0m] Reached target Slices.
[[0;32m  OK  [0m] Listening on udev Control Socket.
[[0;32m  OK  [0m] Set up automount Arbitrary Executabâ€¦rmats File System Automount Point.
[[0;32m  OK  [0m] Listening on LVM2 poll daemon socket.
[[0;32m  OK  [0m] Listening on Journal Socket.
         Starting Load Kernel Modules...
         [   17.303374] Loading iSCSI transport class v2.0-870.
Starting Uncomplicated firewall...
         Starting Remount Root and Kernel File Systems...
         Mounting Huge Pages File System...
         Starting Journal Service...
         Starting Monitoring of LVM2 mirrorsâ€¦ng dmeventd or progress polling...
         Starting Set the console keyboard layout...
[   17.390017] iscsi: registered transport (tcp)
         Starting Create list of required stâ€¦ce nodes for the current kernel...
[[0;32m  OK  [0m] Listening on /dev/initctl Compatibility Named Pipe.
         Mounting Kernel Debug File System...
[[0;32m  OK  [0m] Listening on udev Kernel Socket.
         Starting udev Coldplug all Devices...
[[0;32m  OK  [0m] Created slice [   17.408363] iscsi: registered transport (iser)
system-serial\x2dgetty.slice.
         Mounting POSIX Message Queue File System...
[[0;32m  OK  [0m] Started Load Kernel Modules.
[[0;32m  OK  [0m] Started Uncomplicated firewall.
         Mounting Kernel Configuration File System...
         Mounting FUSE Control File System...
         Starting Apply Kernel V[   17.580375] EXT4-fs (sda1): re-mounted. Opts: (null)
ariables...
[[0;32m  OK  [0m] Started Journal Service.
[[0;32m  OK  [0m] Started Remount Root and Kernel File Systems.
[[0;32m  OK  [0m] Mounted Huge Pages File System.
[[0;32m  OK  [0m] Started Create list of required staâ€¦vice nodes for the current kernel.
[[0;32m  OK  [0m] Mounted Kernel Debug File System.
[[0;32m  OK  [0m] Mounted POSIX Message Queue File System.
[[0;32m  OK  [0m] Started udev Coldplug all Devices.
[[0;32m  OK  [0m] Mounted Kernel Configuration File System.
[[0;32m  OK  [0m] Mounted FUSE Control File System.
[[0;32m  OK  [0m] Started Apply Kernel Variables.
[[0;32m  OK  [0m] Started LVM2 metadata daemon.
         Starting Create Static Device Nodes in /dev...
         Starting Load/Save Random Seed...
         Starting Flush Journal to Persistent Storage...
[[0;32m  OK  [0m] Started Monitoring of LVM2 mirrors,â€¦sing dmeventd or progress polling.
[[0;32m  OK  [0m] Started Create Static Device Nodes in /dev.
[[0;32m  OK  [0m] Started Load/Save Random Seed.
         Starting udev Kernel Device Manager...
[[0;32m  OK  [0m] Started udev Kernel Device Manager.
[[0;32m  OK  [0m] Started Flush Journal to Persistent Storage.
[[0;32m  OK  [0m] Found device /dev/ttyS0.
[[0;32m  OK  [0m] Listening on Load/Save RF Kill Switch Status /dev/rfkill Watch.
[[0;32m  OK  [0m] Started Set the console keyboard layout.
[[0;32m  OK  [0m] Started Dispatch Password Requests to Console Directory Watch.
[[0;32m  OK  [0m] Reached target Local Encrypted Volumes.
[[0;32m  OK  [0m] Reached target Local File Systems (Pre).
[[0;32m  OK  [0m] Reached target Local File Systems.
         Starting Tell Plymouth To Write Out Runtime Data...
         Starting ebtables ruleset management...
         Starting Set console font and keymap...
         Starting Create Volatile Files and Directories...
         Starting AppArmor initialization...
[[0;32m  OK  [0m] Started Tell Plymouth To Write Out Runtime Data.
[[0;32m  OK  [0m] Started Set console font and keymap.
[[0;32m  OK  [0m] Started Create Volatile Files and Directories.
         Starting Update UTMP about System Boot/Shutdown...
[[0;32m  OK  [0m] Started Update UTMP about System Boot/Shutdown.
[[0;32m  OK  [0m] Started ebtables ruleset management.
[[0;32m  OK  [0m] Started AppArmor initialization.
         Starting Initial cloud-init job (pre-networking)...
[   20.123512] cloud-init[772]: Cloud-init v. 19.2-24-ge7881d5c-0ubuntu1~18.04.1 running 'init-local' at Thu, 31 Oct 2019 02:27:20 +0000. Up 19.93 seconds.
[[0;32m  OK  [0m] Started Initial cloud-init job (pre-networking).
[[0;32m  OK  [0m] Reached target Network (Pre).
         Starting Network Service...
[[0;32m  OK  [0m] Started Network Service.
         Starting Network Name Resolution...
         Starting Wait for Network to be Configured...
[[0;32m  OK  [0m] Started Network Name Resolution.
[[0;32m  OK  [0m] Reached target Host and Network Name Lookups.
[[0;32m  OK  [0m] Reached target Network.
[[0;32m  OK  [0m] Started Wait for Network to be Configured.
         Starting Initial cloud-init job (metadata service crawler)...
[   22.480727] cloud-init[863]: Cloud-init v. 19.2-24-ge7881d5c-0ubuntu1~18.04.1 running 'init' at Thu, 31 Oct 2019 02:27:22 +0000. Up 22.36 seconds.
[   22.483160] cloud-init[863]: ci-info: ++++++++++++++++++++++++++++++++++++++Net device info+++++++++++++++++++++++++++++++++++++++
[   22.499166] cloud-init[863]: ci-info: +--------+------+-----------------------------+---------------+--------+-------------------+
[   22.501119] cloud-init[863]: ci-info: | Device |  Up  |           Address           |      Mask     | Scope  |     Hw-Address    |
[   22.504074] cloud-init[863]: ci-info: +--------+------+-----------------------------+---------------+--------+-------------------+
[   22.505889] cloud-init[863]: ci-info: | enp0s3 | True |          10.0.2.15          | 255.255.255.0 | global | 02:ab:ce:93:e0:e3 |
[   22.507607] cloud-init[863]: ci-info: | enp0s3 | True |  fe80::ab:ceff:fe93:e0e3/64 |       .       |  link  | 02:ab:ce:93:e0:e3 |
[   22.509289] cloud-init[863]: ci-info: | enp0s8 | True |        192.168.33.10        | 255.255.255.0 | global | 08:00:27:4d:d2:7c |
[   22.523447] cloud-init[863]: ci-info: | enp0s8 | True | fe80::a00:27ff:fe4d:d27c/64 |       .       |  link  | 08:00:27:4d:d2:7c |
[   22.526784] cloud-init[863]: ci-info: |   lo   | True |          127.0.0.1          |   255.0.0.0   |  host  |         .         |
[   22.529704] cloud-init[863]: ci-info: |   lo   | True |           ::1/128           |       .       |  host  |         .         |
[   22.532498] cloud-init[863]: ci-info: +--------+------+-----------------------------+---------------+--------+-------------------+
[   22.535378] cloud-init[863]: ci-info: +++++++++++++++++++++++++++++Route IPv4 info+++++++++++++++++++++++++++++
[   22.537894] cloud-init[863]: ci-info: +-------+--------------+----------+-----------------+-----------+-------+
[   22.543139] cloud-init[863]: ci-info: | Route | Destination  | Gateway  |     Genmask     | Interface | Flags |
[   22.546957] cloud-init[863]: ci-info: +-------+--------------+----------+-----------------+-----------+-------+
[   22.549585] cloud-init[863]: ci-info: |   0   |   0.0.0.0    | 10.0.2.2 |     0.0.0.0     |   enp0s3  |   UG  |
[   22.552307] cloud-init[863]: ci-info: |   1   |   10.0.2.0   | 0.0.0.0  |  255.255.255.0  |   enp0s3  |   U   |
[   22.559251] cloud-init[863]: ci-info: |   2   |   10.0.2.2   | 0.0.0.0  | 255.255.255.255 |   enp0s3  |   UH  |
[   22.562211] cloud-init[863]: ci-info: |   3   | 192.168.33.0 | 0.0.0.0  |  255.255.255.0  |   enp0s8  |   U   |
[   22.565926] cloud-init[863]: ci-info: +-------+--------------+----------+-----------------+-----------+-------+
[   22.568398] cloud-init[863]: ci-info: +++++++++++++++++++Route IPv6 info+++++++++++++++++++
[   22.569618] cloud-init[863]: ci-info: +-------+-------------+---------+-----------+-------+
[   22.570824] cloud-init[863]: ci-info: | Route | Destination | Gateway | Interface | Flags |
[   22.572073] cloud-init[863]: ci-info: +-------+-------------+---------+-----------+-------+
[   22.573267] cloud-init[863]: ci-info: |   1   |  fe80::/64  |    ::   |   enp0s8  |   U   |
[   22.584250] cloud-init[863]: ci-info: |   2   |  fe80::/64  |    ::   |   enp0s3  |   U   |
[   22.609785] cloud-init[863]: ci-info: |   4   |    local    |    ::   |   enp0s3  |   U   |
[   22.611363] cloud-init[863]: ci-info: |   5   |    local    |    ::   |   enp0s8  |   U   |
[   22.613199] cloud-init[863]: ci-info: |   6   |   ff00::/8  |    ::   |   enp0s8  |   U   |
[   22.615987] cloud-init[863]: ci-info: |   7   |   ff00::/8  |    ::   |   enp0s3  |   U   |
[   22.619593] cloud-init[863]: ci-info: +-------+-------------+---------+-----------+-------+
[[0;32m  OK  [0m] Started Initial cloud-init job (metadata service crawler).
[[0;32m  OK  [0m] Reached target Network is Online.
         Starting Availability of block devices...
[[0;32m  OK  [0m] Reached target Remote File Systems (Pre).
[[0;32m  OK  [0m] Reached target Remote File Systems.
[[0;32m  OK  [0m] Reached target Cloud-config availability.
[[0;32m  OK  [0m] Reached target System Initialization.
[[0;32m  OK  [0m] Started Daily apt download activities.
[[0;32m  OK  [0m] Listening on D-Bus System Message Bus Socket.
[[0;32m  OK  [0m] Listening on ACPID Listen Socket.
[[0;32m  OK  [0m] Started Discard unused blocks once a week.
[[0;32m  OK  [0m] Listening on UUID daemon activation socket.
[[0;32m  OK  [0m] Started Daily apt upgrade and clean activities.
[[0;32m  OK  [0m] Started Daily Cleanup of Temporary Directories.
[[0;32m  OK  [0m] Started Message of the Day.
         Starting LXD - unix socket.
[[0;32m  OK  [0m] Started ACPI Events Check.
[[0;32m  OK  [0m] Reached target Paths.
[[0;32m  OK  [0m] Reached target Timers.
[[0;32m  OK  [0m] Listening on Open-iSCSI iscsid Socket.
         Starting Socket activation for snappy daemon.
[[0;32m  OK  [0m] Started Availability of block devices.
[[0;32m  OK  [0m] Listening on LXD - unix socket.
[[0;32m  OK  [0m] Listening on Socket activation for snappy daemon.
[[0;32m  OK  [0m] Reached target Sockets.
[[0;32m  OK  [0m] Reached target Basic System.
[[0;32m  OK  [0m] Started FUSE filesystem for LXC.
         Starting vboxadd.service...
         Starting Dispatcher daemon for systemd-networkd...
         Starting LXD - container startup/shutdown...
         Starting LSB: Record successful boot for GRUB...
[[0;32m  OK  [0m] Started Regular background program processing daemon.
         Starting Message of the Day...
         Starting System Logging Service...
[[0;32m  OK  [0m] Started irqbalance daemon.
[[0;32m  OK  [0m] Started Deferred execution scheduler.
[[0;32m  OK  [0m] Started D-Bus System Message Bus.
         Starting Accounts Service...
         Starting Login Service...
         Starting Snappy daemon...
         Starting LSB: automatic crash report generation...
         Starting OpenBSD Secure Shell server...
         Starting Permit User Sessions...
[[0;32m  OK  [0m] Started System Logging Service.
[[0;32m  OK  [0m] Started Dispatcher daemon for systemd-networkd.
[[0;32m  OK  [0m] Started LXD - container startup/shutdown.
[[0;32m  OK  [0m] Started Login Service.
[[0;32m  OK  [0m] Started Permit User Sessions.
         Starting Hold until boot process finishes up...
         Starting Terminate Plymouth Boot Screen...
         Starting Authorization Manager...
[[0;32m  OK  [0m] Started Unattended Upgrades Shutdown.
[[0;32m  OK  [0m] Started Hold until boot process finishes up.
[[0;32m  OK  [0m] Started Terminate Plymouth Boot Screen.
[[0;32m  OK  [0m] Started Serial Getty on ttyS0.
         Starting Set console scheme...
[[0;32m  OK  [0m] Started LSB: automatic crash report generation.
[[0;32m  OK  [0m] Started OpenBSD Secure Shell server.
[[0;32m  OK  [0m] Started Set console scheme.
[[0;32m  OK  [0m] Created slice system-getty.slice.
[[0;32m  OK  [0m] Started Getty on tty1.
[[0;32m  OK  [0m] Reached target Login Prompts.
[[0;32m  OK  [0m] Started LSB: Record successful boot for GRUB.
[[0;32m  OK  [0m] Started vboxadd.service.
         Starting vboxadd-service.service...
[[0;32m  OK  [0m] Started Authorization Manager.
[[0;32m  OK  [0m] Started Accounts Service.
[[0;32m  OK  [0m] Created slice User Slice of vagrant.
[[0;32m  OK  [0m] Started Snappy daemon.
[[0;32m  OK  [0m] Started vboxadd-service.service.
         Starting User Manager for UID 1000...
         Starting Wait until snapd is fully seeded...
[[0;32m  OK  [0m] Started Session 1 of user vagrant.
[[0;32m  OK  [0m] Started Wait until snapd is fully seeded.
         Starting Apply the settings specified in cloud-config...
[[0;32m  OK  [0m] Reached target Multi-User System.
[[0;32m  OK  [0m] Reached target Graphical Interface.
         Starting Update UTMP about System Runlevel Changes...
[[0;32m  OK  [0m] Started Update UTMP about System Runlevel Changes.
[[0;32m  OK  [0m] Started User Manager for UID 1000.
[   24.477472] cloud-init[1471]: Cloud-init v. 19.2-24-ge7881d5c-0ubuntu1~18.04.1 running 'modules:config' at Thu, 31 Oct 2019 02:27:24 +0000. Up 24.34 seconds.
[[0;32m  OK  [0m] Started Apply the settings specified in cloud-config.
         Starting Execute cloud user/final scripts...
[[0;32m  OK  [0m] Started Message of the Day.
[   25.092354] cloud-init[1535]: Cloud-init v. 19.2-24-ge7881d5c-0ubuntu1~18.04.1 running 'modules:final' at Thu, 31 Oct 2019 02:27:24 +0000. Up 24.91 seconds.
[   25.114240] cloud-init[1535]: Cloud-init v. 19.2-24-ge7881d5c-0ubuntu1~18.04.1 finished at Thu, 31 Oct 2019 02:27:25 +0000. Datasource DataSourceNoCloud [seed=/dev/sdb][dsmode=net].  Up 25.08 seconds
[[0;32m  OK  [0m] Started Execute cloud user/final scripts.
         Starting Daily apt download activities...
[[0;32m  OK  [0m] Reached target Cloud-init target.
[[0;32m  OK  [0m] Stopped Wait for Network to be Configured.
         Stopping Network Service...
[[0;32m  OK  [0m] Stopped Network Service.
         Starting Network Service...
[[0;32m  OK  [0m] Started Network Service.
         Stopping User Manager for UID 1000...
[[0;32m  OK  [0m] Stopped User Manager for UID 1000.
[[0;32m  OK  [0m] Removed slice User Slice of vagrant.

Ubuntu 18.04.3 LTS ubuntu-bionic ttyS0

ubuntu-bionic login:          Stopping LSB: automatic crash report generation...
[[0;32m  OK  [0m] Stopped LSB: automatic crash report generation.
         Starting LSB: automatic crash report generation...
[[0;32m  OK  [0m] Started LSB: automatic crash report generation.
[[0;32m  OK  [0m] Started Daily apt upgrade and clean activities.
